[2025-11-11T19:20:41.933+0000] {taskinstance.py:1083} INFO - Dependencies all met for <TaskInstance: gtfs_realtime_dag.extract_data manual__2025-11-11T19:20:40.293519+00:00 [queued]>
[2025-11-11T19:20:41.941+0000] {taskinstance.py:1083} INFO - Dependencies all met for <TaskInstance: gtfs_realtime_dag.extract_data manual__2025-11-11T19:20:40.293519+00:00 [queued]>
[2025-11-11T19:20:41.941+0000] {taskinstance.py:1279} INFO - 
--------------------------------------------------------------------------------
[2025-11-11T19:20:41.942+0000] {taskinstance.py:1280} INFO - Starting attempt 1 of 2
[2025-11-11T19:20:41.942+0000] {taskinstance.py:1281} INFO - 
--------------------------------------------------------------------------------
[2025-11-11T19:20:41.956+0000] {taskinstance.py:1300} INFO - Executing <Task(PythonOperator): extract_data> on 2025-11-11 19:20:40.293519+00:00
[2025-11-11T19:20:42.000+0000] {standard_task_runner.py:55} INFO - Started process 219 to run task
[2025-11-11T19:20:42.014+0000] {standard_task_runner.py:82} INFO - Running: ['***', 'tasks', 'run', 'gtfs_realtime_dag', 'extract_data', 'manual__2025-11-11T19:20:40.293519+00:00', '--job-id', '3', '--raw', '--subdir', 'DAGS_FOLDER/gtfs_realtime_dag.py', '--cfg-path', '/tmp/tmp6pkjrabc']
[2025-11-11T19:20:42.016+0000] {standard_task_runner.py:83} INFO - Job 3: Subtask extract_data
[2025-11-11T19:20:42.053+0000] {logging_mixin.py:137} WARNING - /home/***/.local/lib/python3.7/site-packages/***/settings.py:249 DeprecationWarning: The sql_alchemy_conn option in [core] has been moved to the sql_alchemy_conn option in [database] - the old setting has been used, but please update your config.
[2025-11-11T19:20:42.142+0000] {task_command.py:388} INFO - Running <TaskInstance: gtfs_realtime_dag.extract_data manual__2025-11-11T19:20:40.293519+00:00 [running]> on host 91f88fd89faa
[2025-11-11T19:20:42.203+0000] {taskinstance.py:1509} INFO - Exporting the following env vars:
AIRFLOW_CTX_DAG_EMAIL=juanillo@hello.com
AIRFLOW_CTX_DAG_OWNER=Juan Esteban
AIRFLOW_CTX_DAG_ID=gtfs_realtime_dag
AIRFLOW_CTX_TASK_ID=extract_data
AIRFLOW_CTX_EXECUTION_DATE=2025-11-11T19:20:40.293519+00:00
AIRFLOW_CTX_TRY_NUMBER=1
AIRFLOW_CTX_DAG_RUN_ID=manual__2025-11-11T19:20:40.293519+00:00
[2025-11-11T19:20:42.204+0000] {logging_mixin.py:137} INFO - extracting feed: vehicle_position
[2025-11-11T19:20:42.706+0000] {logging_mixin.py:137} INFO - ✅ Saved 604 records to /opt/***/data/raw/vehicle_position_20251111_192042.json
[2025-11-11T19:20:42.706+0000] {logging_mixin.py:137} INFO - extracting feed: trip_updates
[2025-11-11T19:20:44.081+0000] {logging_mixin.py:137} INFO - ✅ Saved 854 records to /opt/***/data/raw/trip_updates_20251111_192043.json
[2025-11-11T19:20:44.088+0000] {python.py:177} INFO - Done. Returned value was: None
[2025-11-11T19:20:44.097+0000] {taskinstance.py:1323} INFO - Marking task as SUCCESS. dag_id=gtfs_realtime_dag, task_id=extract_data, execution_date=20251111T192040, start_date=20251111T192041, end_date=20251111T192044
[2025-11-11T19:20:44.129+0000] {local_task_job.py:208} INFO - Task exited with return code 0
[2025-11-11T19:20:44.141+0000] {taskinstance.py:2578} INFO - 0 downstream tasks scheduled from follow-on schedule check
