[2025-11-11T19:01:22.720+0000] {taskinstance.py:1083} INFO - Dependencies all met for <TaskInstance: gtfs_realtime_dag.extract_data manual__2025-11-11T18:55:52+00:00 [queued]>
[2025-11-11T19:01:22.730+0000] {taskinstance.py:1083} INFO - Dependencies all met for <TaskInstance: gtfs_realtime_dag.extract_data manual__2025-11-11T18:55:52+00:00 [queued]>
[2025-11-11T19:01:22.730+0000] {taskinstance.py:1279} INFO - 
--------------------------------------------------------------------------------
[2025-11-11T19:01:22.730+0000] {taskinstance.py:1280} INFO - Starting attempt 2 of 2
[2025-11-11T19:01:22.730+0000] {taskinstance.py:1281} INFO - 
--------------------------------------------------------------------------------
[2025-11-11T19:01:22.739+0000] {taskinstance.py:1300} INFO - Executing <Task(PythonOperator): extract_data> on 2025-11-11 18:55:52+00:00
[2025-11-11T19:01:22.749+0000] {standard_task_runner.py:55} INFO - Started process 315 to run task
[2025-11-11T19:01:22.752+0000] {standard_task_runner.py:82} INFO - Running: ['***', 'tasks', 'run', 'gtfs_realtime_dag', 'extract_data', 'manual__2025-11-11T18:55:52+00:00', '--job-id', '6', '--raw', '--subdir', 'DAGS_FOLDER/gtfs_realtime_dag.py', '--cfg-path', '/tmp/tmp5zs0mabz']
[2025-11-11T19:01:22.761+0000] {standard_task_runner.py:83} INFO - Job 6: Subtask extract_data
[2025-11-11T19:01:22.799+0000] {logging_mixin.py:137} WARNING - /home/***/.local/lib/python3.7/site-packages/***/settings.py:249 DeprecationWarning: The sql_alchemy_conn option in [core] has been moved to the sql_alchemy_conn option in [database] - the old setting has been used, but please update your config.
[2025-11-11T19:01:22.865+0000] {task_command.py:388} INFO - Running <TaskInstance: gtfs_realtime_dag.extract_data manual__2025-11-11T18:55:52+00:00 [running]> on host 4a174025fd7a
[2025-11-11T19:01:22.928+0000] {taskinstance.py:1509} INFO - Exporting the following env vars:
AIRFLOW_CTX_DAG_EMAIL=juanillo@hello.com
AIRFLOW_CTX_DAG_OWNER=Juan Esteban
AIRFLOW_CTX_DAG_ID=gtfs_realtime_dag
AIRFLOW_CTX_TASK_ID=extract_data
AIRFLOW_CTX_EXECUTION_DATE=2025-11-11T18:55:52+00:00
AIRFLOW_CTX_TRY_NUMBER=2
AIRFLOW_CTX_DAG_RUN_ID=manual__2025-11-11T18:55:52+00:00
[2025-11-11T19:01:22.929+0000] {logging_mixin.py:137} INFO - extracting feed: vehicle_position
[2025-11-11T19:01:23.381+0000] {taskinstance.py:1768} ERROR - Task failed with exception
Traceback (most recent call last):
  File "/home/airflow/.local/lib/python3.7/site-packages/airflow/operators/python.py", line 175, in execute
    return_value = self.execute_callable()
  File "/home/airflow/.local/lib/python3.7/site-packages/airflow/operators/python.py", line 192, in execute_callable
    return self.python_callable(*self.op_args, **self.op_kwargs)
  File "/opt/airflow/dags/gtfs_realtime_dag.py", line 30, in run_extractor
    run_all_feed(output_dir)
  File "/opt/airflow/src/extract.py", line 54, in run_all_feed
    save_feed(data, feed_type, output_dir)
  File "/opt/airflow/src/extract.py", line 29, in save_feed
    os.makedirs(output_dir, exist_ok=True)
  File "/usr/local/lib/python3.7/os.py", line 213, in makedirs
    makedirs(head, exist_ok=exist_ok)
  File "/usr/local/lib/python3.7/os.py", line 223, in makedirs
    mkdir(name, mode)
PermissionError: [Errno 13] Permission denied: '../data'
[2025-11-11T19:01:23.397+0000] {taskinstance.py:1323} INFO - Marking task as FAILED. dag_id=gtfs_realtime_dag, task_id=extract_data, execution_date=20251111T185552, start_date=20251111T190122, end_date=20251111T190123
[2025-11-11T19:01:23.414+0000] {logging_mixin.py:137} WARNING - /home/***/.local/lib/python3.7/site-packages/***/utils/email.py:152 RemovedInAirflow3Warning: Fetching SMTP credentials from configuration variables will be deprecated in a future release. Please set credentials using a connection instead.
[2025-11-11T19:01:23.414+0000] {configuration.py:663} WARNING - section/key [smtp/smtp_user] not found in config
[2025-11-11T19:01:23.414+0000] {email.py:268} INFO - Email alerting: attempt 1
[2025-11-11T19:01:23.420+0000] {configuration.py:663} WARNING - section/key [smtp/smtp_user] not found in config
[2025-11-11T19:01:23.420+0000] {email.py:268} INFO - Email alerting: attempt 1
[2025-11-11T19:01:23.421+0000] {taskinstance.py:1831} ERROR - Failed to send email to: juanillo@hello.com
Traceback (most recent call last):
  File "/home/airflow/.local/lib/python3.7/site-packages/airflow/models/taskinstance.py", line 1374, in _run_raw_task
    self._execute_task_with_callbacks(context, test_mode)
  File "/home/airflow/.local/lib/python3.7/site-packages/airflow/models/taskinstance.py", line 1520, in _execute_task_with_callbacks
    result = self._execute_task(context, task_orig)
  File "/home/airflow/.local/lib/python3.7/site-packages/airflow/models/taskinstance.py", line 1581, in _execute_task
    result = execute_callable(context=context)
  File "/home/airflow/.local/lib/python3.7/site-packages/airflow/operators/python.py", line 175, in execute
    return_value = self.execute_callable()
  File "/home/airflow/.local/lib/python3.7/site-packages/airflow/operators/python.py", line 192, in execute_callable
    return self.python_callable(*self.op_args, **self.op_kwargs)
  File "/opt/airflow/dags/gtfs_realtime_dag.py", line 30, in run_extractor
    run_all_feed(output_dir)
  File "/opt/airflow/src/extract.py", line 54, in run_all_feed
    save_feed(data, feed_type, output_dir)
  File "/opt/airflow/src/extract.py", line 29, in save_feed
    os.makedirs(output_dir, exist_ok=True)
  File "/usr/local/lib/python3.7/os.py", line 213, in makedirs
    makedirs(head, exist_ok=exist_ok)
  File "/usr/local/lib/python3.7/os.py", line 223, in makedirs
    mkdir(name, mode)
PermissionError: [Errno 13] Permission denied: '../data'

During handling of the above exception, another exception occurred:

Traceback (most recent call last):
  File "/home/airflow/.local/lib/python3.7/site-packages/airflow/models/taskinstance.py", line 2231, in email_alert
    send_email(task.email, subject, html_content)
  File "/home/airflow/.local/lib/python3.7/site-packages/airflow/utils/email.py", line 91, in send_email
    **kwargs,
  File "/home/airflow/.local/lib/python3.7/site-packages/airflow/utils/email.py", line 152, in send_email_smtp
    send_mime_email(e_from=mail_from, e_to=recipients, mime_msg=msg, conn_id=conn_id, dryrun=dryrun)
  File "/home/airflow/.local/lib/python3.7/site-packages/airflow/utils/email.py", line 270, in send_mime_email
    smtp_conn = _get_smtp_connection(smtp_host, smtp_port, smtp_timeout, smtp_ssl)
  File "/home/airflow/.local/lib/python3.7/site-packages/airflow/utils/email.py", line 317, in _get_smtp_connection
    else smtplib.SMTP(host=host, port=port, timeout=timeout)
  File "/usr/local/lib/python3.7/smtplib.py", line 251, in __init__
    (code, msg) = self.connect(host, port)
  File "/usr/local/lib/python3.7/smtplib.py", line 336, in connect
    self.sock = self._get_socket(host, port, self.timeout)
  File "/usr/local/lib/python3.7/smtplib.py", line 307, in _get_socket
    self.source_address)
  File "/usr/local/lib/python3.7/socket.py", line 728, in create_connection
    raise err
  File "/usr/local/lib/python3.7/socket.py", line 716, in create_connection
    sock.connect(sa)
ConnectionRefusedError: [Errno 111] Connection refused

During handling of the above exception, another exception occurred:

Traceback (most recent call last):
  File "/home/airflow/.local/lib/python3.7/site-packages/airflow/models/taskinstance.py", line 1829, in handle_failure
    self.email_alert(error, task)
  File "/home/airflow/.local/lib/python3.7/site-packages/airflow/models/taskinstance.py", line 2233, in email_alert
    send_email(task.email, subject, html_content_err)
  File "/home/airflow/.local/lib/python3.7/site-packages/airflow/utils/email.py", line 91, in send_email
    **kwargs,
  File "/home/airflow/.local/lib/python3.7/site-packages/airflow/utils/email.py", line 152, in send_email_smtp
    send_mime_email(e_from=mail_from, e_to=recipients, mime_msg=msg, conn_id=conn_id, dryrun=dryrun)
  File "/home/airflow/.local/lib/python3.7/site-packages/airflow/utils/email.py", line 270, in send_mime_email
    smtp_conn = _get_smtp_connection(smtp_host, smtp_port, smtp_timeout, smtp_ssl)
  File "/home/airflow/.local/lib/python3.7/site-packages/airflow/utils/email.py", line 317, in _get_smtp_connection
    else smtplib.SMTP(host=host, port=port, timeout=timeout)
  File "/usr/local/lib/python3.7/smtplib.py", line 251, in __init__
    (code, msg) = self.connect(host, port)
  File "/usr/local/lib/python3.7/smtplib.py", line 336, in connect
    self.sock = self._get_socket(host, port, self.timeout)
  File "/usr/local/lib/python3.7/smtplib.py", line 307, in _get_socket
    self.source_address)
  File "/usr/local/lib/python3.7/socket.py", line 728, in create_connection
    raise err
  File "/usr/local/lib/python3.7/socket.py", line 716, in create_connection
    sock.connect(sa)
ConnectionRefusedError: [Errno 111] Connection refused
[2025-11-11T19:01:23.434+0000] {standard_task_runner.py:105} ERROR - Failed to execute job 6 for task extract_data ([Errno 13] Permission denied: '../data'; 315)
[2025-11-11T19:01:23.477+0000] {local_task_job.py:208} INFO - Task exited with return code 1
[2025-11-11T19:01:23.491+0000] {taskinstance.py:2578} INFO - 0 downstream tasks scheduled from follow-on schedule check
