[2025-11-11T18:55:39.266+0000] {manager.py:483} INFO - Processing files using up to 2 processes at a time 
[2025-11-11T18:55:39.268+0000] {manager.py:484} INFO - Process each file at most once every 30 seconds
[2025-11-11T18:55:39.269+0000] {manager.py:486} INFO - Checking for new files in /opt/airflow/dags every 300 seconds
[2025-11-11T18:55:39.269+0000] {manager.py:726} INFO - Searching for files in /opt/airflow/dags
[2025-11-11T18:55:39.273+0000] {manager.py:729} INFO - There are 2 files in /opt/airflow/dags
[2025-11-11T18:55:39.385+0000] {manager.py:854} INFO - 
================================================================================
DAG File Processing Stats

File Path                                 PID  Runtime      # DAGs    # Errors  Last Runtime    Last Run
--------------------------------------  -----  ---------  --------  ----------  --------------  ----------
/opt/airflow/dags/sample_dag.py           188  0.07s             0           0
/opt/airflow/dags/gtfs_realtime_dag.py    185  0.08s             0           0
================================================================================
[2025-11-11T18:56:09.818+0000] {manager.py:854} INFO - 
================================================================================
DAG File Processing Stats

File Path                               PID    Runtime      # DAGs    # Errors  Last Runtime    Last Run
--------------------------------------  -----  ---------  --------  ----------  --------------  -------------------
/opt/airflow/dags/sample_dag.py                                  1           0  0.98s           2025-11-11T18:55:40
/opt/airflow/dags/gtfs_realtime_dag.py                           1           0  0.98s           2025-11-11T18:55:40
================================================================================
[2025-11-11T18:56:40.482+0000] {manager.py:854} INFO - 
================================================================================
DAG File Processing Stats

File Path                               PID    Runtime      # DAGs    # Errors  Last Runtime    Last Run
--------------------------------------  -----  ---------  --------  ----------  --------------  -------------------
/opt/airflow/dags/sample_dag.py                                  1           0  0.17s           2025-11-11T18:56:11
/opt/airflow/dags/gtfs_realtime_dag.py                           1           0  0.20s           2025-11-11T18:56:11
================================================================================
[2025-11-11T18:57:11.031+0000] {manager.py:854} INFO - 
================================================================================
DAG File Processing Stats

File Path                               PID    Runtime      # DAGs    # Errors  Last Runtime    Last Run
--------------------------------------  -----  ---------  --------  ----------  --------------  -------------------
/opt/airflow/dags/sample_dag.py                                  1           0  0.16s           2025-11-11T18:56:41
/opt/airflow/dags/gtfs_realtime_dag.py                           1           0  0.19s           2025-11-11T18:56:41
================================================================================
[2025-11-11T18:57:41.629+0000] {manager.py:854} INFO - 
================================================================================
DAG File Processing Stats

File Path                               PID    Runtime      # DAGs    # Errors  Last Runtime    Last Run
--------------------------------------  -----  ---------  --------  ----------  --------------  -------------------
/opt/airflow/dags/sample_dag.py                                  1           0  0.18s           2025-11-11T18:57:12
/opt/airflow/dags/gtfs_realtime_dag.py                           1           0  0.23s           2025-11-11T18:57:12
================================================================================
[2025-11-11T18:58:12.193+0000] {manager.py:854} INFO - 
================================================================================
DAG File Processing Stats

File Path                               PID    Runtime      # DAGs    # Errors  Last Runtime    Last Run
--------------------------------------  -----  ---------  --------  ----------  --------------  -------------------
/opt/airflow/dags/sample_dag.py                                  1           0  0.17s           2025-11-11T18:57:42
/opt/airflow/dags/gtfs_realtime_dag.py                           1           0  0.26s           2025-11-11T18:57:42
================================================================================
[2025-11-11T18:58:42.730+0000] {manager.py:854} INFO - 
================================================================================
DAG File Processing Stats

File Path                               PID    Runtime      # DAGs    # Errors  Last Runtime    Last Run
--------------------------------------  -----  ---------  --------  ----------  --------------  -------------------
/opt/airflow/dags/sample_dag.py                                  1           0  0.22s           2025-11-11T18:58:13
/opt/airflow/dags/gtfs_realtime_dag.py                           1           0  0.26s           2025-11-11T18:58:13
================================================================================
[2025-11-11T18:59:13.330+0000] {manager.py:854} INFO - 
================================================================================
DAG File Processing Stats

File Path                               PID    Runtime      # DAGs    # Errors  Last Runtime    Last Run
--------------------------------------  -----  ---------  --------  ----------  --------------  -------------------
/opt/airflow/dags/sample_dag.py                                  1           0  0.20s           2025-11-11T18:58:43
/opt/airflow/dags/gtfs_realtime_dag.py                           1           0  0.23s           2025-11-11T18:58:43
================================================================================
[2025-11-11T18:59:43.954+0000] {manager.py:854} INFO - 
================================================================================
DAG File Processing Stats

File Path                               PID    Runtime      # DAGs    # Errors  Last Runtime    Last Run
--------------------------------------  -----  ---------  --------  ----------  --------------  -------------------
/opt/airflow/dags/sample_dag.py                                  1           0  0.21s           2025-11-11T18:59:14
/opt/airflow/dags/gtfs_realtime_dag.py                           1           0  0.31s           2025-11-11T18:59:14
================================================================================
[2025-11-11T19:00:14.597+0000] {manager.py:854} INFO - 
================================================================================
DAG File Processing Stats

File Path                               PID    Runtime      # DAGs    # Errors  Last Runtime    Last Run
--------------------------------------  -----  ---------  --------  ----------  --------------  -------------------
/opt/airflow/dags/sample_dag.py                                  1           0  0.17s           2025-11-11T18:59:45
/opt/airflow/dags/gtfs_realtime_dag.py                           1           0  0.22s           2025-11-11T18:59:45
================================================================================
[2025-11-11T19:00:39.955+0000] {manager.py:726} INFO - Searching for files in /opt/airflow/dags
[2025-11-11T19:00:39.966+0000] {manager.py:729} INFO - There are 2 files in /opt/airflow/dags
[2025-11-11T19:00:45.059+0000] {manager.py:854} INFO - 
================================================================================
DAG File Processing Stats

File Path                               PID    Runtime      # DAGs    # Errors  Last Runtime    Last Run
--------------------------------------  -----  ---------  --------  ----------  --------------  -------------------
/opt/airflow/dags/sample_dag.py                                  1           0  0.24s           2025-11-11T19:00:15
/opt/airflow/dags/gtfs_realtime_dag.py                           1           0  0.30s           2025-11-11T19:00:15
================================================================================
[2025-11-11T19:01:15.475+0000] {manager.py:854} INFO - 
================================================================================
DAG File Processing Stats

File Path                               PID    Runtime      # DAGs    # Errors  Last Runtime    Last Run
--------------------------------------  -----  ---------  --------  ----------  --------------  -------------------
/opt/airflow/dags/sample_dag.py                                  1           0  0.21s           2025-11-11T19:00:46
/opt/airflow/dags/gtfs_realtime_dag.py                           1           0  0.27s           2025-11-11T19:00:46
================================================================================
[2025-11-11T19:01:46.046+0000] {manager.py:854} INFO - 
================================================================================
DAG File Processing Stats

File Path                               PID    Runtime      # DAGs    # Errors  Last Runtime    Last Run
--------------------------------------  -----  ---------  --------  ----------  --------------  -------------------
/opt/airflow/dags/sample_dag.py                                  1           0  0.19s           2025-11-11T19:01:16
/opt/airflow/dags/gtfs_realtime_dag.py                           1           0  0.24s           2025-11-11T19:01:16
================================================================================
[2025-11-11T19:02:16.670+0000] {manager.py:854} INFO - 
================================================================================
DAG File Processing Stats

File Path                               PID    Runtime      # DAGs    # Errors  Last Runtime    Last Run
--------------------------------------  -----  ---------  --------  ----------  --------------  -------------------
/opt/airflow/dags/sample_dag.py                                  1           0  0.22s           2025-11-11T19:01:47
/opt/airflow/dags/gtfs_realtime_dag.py                           1           0  0.26s           2025-11-11T19:01:47
================================================================================
[2025-11-11T19:02:47.264+0000] {manager.py:854} INFO - 
================================================================================
DAG File Processing Stats

File Path                               PID    Runtime      # DAGs    # Errors  Last Runtime    Last Run
--------------------------------------  -----  ---------  --------  ----------  --------------  -------------------
/opt/airflow/dags/sample_dag.py                                  1           0  0.20s           2025-11-11T19:02:17
/opt/airflow/dags/gtfs_realtime_dag.py                           1           0  0.25s           2025-11-11T19:02:17
================================================================================
[2025-11-11T19:03:17.830+0000] {manager.py:854} INFO - 
================================================================================
DAG File Processing Stats

File Path                               PID    Runtime      # DAGs    # Errors  Last Runtime    Last Run
--------------------------------------  -----  ---------  --------  ----------  --------------  -------------------
/opt/airflow/dags/sample_dag.py                                  1           0  0.20s           2025-11-11T19:02:48
/opt/airflow/dags/gtfs_realtime_dag.py                           1           0  0.25s           2025-11-11T19:02:48
================================================================================
[2025-11-11T19:03:48.452+0000] {manager.py:854} INFO - 
================================================================================
DAG File Processing Stats

File Path                               PID    Runtime      # DAGs    # Errors  Last Runtime    Last Run
--------------------------------------  -----  ---------  --------  ----------  --------------  -------------------
/opt/airflow/dags/sample_dag.py                                  1           0  0.26s           2025-11-11T19:03:19
/opt/airflow/dags/gtfs_realtime_dag.py                           1           0  0.34s           2025-11-11T19:03:19
================================================================================
[2025-11-11T19:04:18.959+0000] {manager.py:854} INFO - 
================================================================================
DAG File Processing Stats

File Path                               PID    Runtime      # DAGs    # Errors  Last Runtime    Last Run
--------------------------------------  -----  ---------  --------  ----------  --------------  -------------------
/opt/airflow/dags/sample_dag.py                                  1           0  0.18s           2025-11-11T19:03:49
/opt/airflow/dags/gtfs_realtime_dag.py                           1           0  0.23s           2025-11-11T19:03:49
================================================================================
[2025-11-11T19:04:49.333+0000] {manager.py:854} INFO - 
================================================================================
DAG File Processing Stats

File Path                               PID    Runtime      # DAGs    # Errors  Last Runtime    Last Run
--------------------------------------  -----  ---------  --------  ----------  --------------  -------------------
/opt/airflow/dags/sample_dag.py                                  1           0  0.18s           2025-11-11T19:04:20
/opt/airflow/dags/gtfs_realtime_dag.py                           1           0  0.21s           2025-11-11T19:04:20
================================================================================
[2025-11-11T19:05:19.946+0000] {manager.py:854} INFO - 
================================================================================
DAG File Processing Stats

File Path                               PID    Runtime      # DAGs    # Errors  Last Runtime    Last Run
--------------------------------------  -----  ---------  --------  ----------  --------------  -------------------
/opt/airflow/dags/sample_dag.py                                  1           0  0.21s           2025-11-11T19:04:50
/opt/airflow/dags/gtfs_realtime_dag.py                           1           0  0.26s           2025-11-11T19:04:50
================================================================================
[2025-11-11T19:05:40.216+0000] {manager.py:726} INFO - Searching for files in /opt/airflow/dags
[2025-11-11T19:05:40.224+0000] {manager.py:729} INFO - There are 2 files in /opt/airflow/dags
[2025-11-11T19:05:50.686+0000] {manager.py:854} INFO - 
================================================================================
DAG File Processing Stats

File Path                               PID    Runtime      # DAGs    # Errors  Last Runtime    Last Run
--------------------------------------  -----  ---------  --------  ----------  --------------  -------------------
/opt/airflow/dags/sample_dag.py                                  1           0  0.18s           2025-11-11T19:05:21
/opt/airflow/dags/gtfs_realtime_dag.py                           1           0  0.22s           2025-11-11T19:05:21
================================================================================
[2025-11-11T19:06:21.463+0000] {manager.py:854} INFO - 
================================================================================
DAG File Processing Stats

File Path                               PID    Runtime      # DAGs    # Errors  Last Runtime    Last Run
--------------------------------------  -----  ---------  --------  ----------  --------------  -------------------
/opt/airflow/dags/sample_dag.py                                  1           0  0.28s           2025-11-11T19:05:52
/opt/airflow/dags/gtfs_realtime_dag.py                           1           0  0.38s           2025-11-11T19:05:52
================================================================================
[2025-11-11T19:06:51.834+0000] {manager.py:854} INFO - 
================================================================================
DAG File Processing Stats

File Path                               PID    Runtime      # DAGs    # Errors  Last Runtime    Last Run
--------------------------------------  -----  ---------  --------  ----------  --------------  -------------------
/opt/airflow/dags/sample_dag.py                                  1           0  0.20s           2025-11-11T19:06:22
/opt/airflow/dags/gtfs_realtime_dag.py                           1           0  0.24s           2025-11-11T19:06:22
================================================================================
[2025-11-11T19:07:22.393+0000] {manager.py:854} INFO - 
================================================================================
DAG File Processing Stats

File Path                               PID    Runtime      # DAGs    # Errors  Last Runtime    Last Run
--------------------------------------  -----  ---------  --------  ----------  --------------  -------------------
/opt/airflow/dags/sample_dag.py                                  1           0  0.21s           2025-11-11T19:06:53
/opt/airflow/dags/gtfs_realtime_dag.py                           1           0  0.28s           2025-11-11T19:06:53
================================================================================
[2025-11-11T19:07:52.904+0000] {manager.py:854} INFO - 
================================================================================
DAG File Processing Stats

File Path                               PID    Runtime      # DAGs    # Errors  Last Runtime    Last Run
--------------------------------------  -----  ---------  --------  ----------  --------------  -------------------
/opt/airflow/dags/sample_dag.py                                  1           0  0.17s           2025-11-11T19:07:23
/opt/airflow/dags/gtfs_realtime_dag.py                           1           0  0.20s           2025-11-11T19:07:23
================================================================================
[2025-11-11T19:08:23.443+0000] {manager.py:854} INFO - 
================================================================================
DAG File Processing Stats

File Path                               PID    Runtime      # DAGs    # Errors  Last Runtime    Last Run
--------------------------------------  -----  ---------  --------  ----------  --------------  -------------------
/opt/airflow/dags/sample_dag.py                                  1           0  0.16s           2025-11-11T19:07:54
/opt/airflow/dags/gtfs_realtime_dag.py                           1           0  0.20s           2025-11-11T19:07:54
================================================================================
[2025-11-11T19:08:53.909+0000] {manager.py:854} INFO - 
================================================================================
DAG File Processing Stats

File Path                               PID    Runtime      # DAGs    # Errors  Last Runtime    Last Run
--------------------------------------  -----  ---------  --------  ----------  --------------  -------------------
/opt/airflow/dags/sample_dag.py                                  1           0  0.17s           2025-11-11T19:08:24
/opt/airflow/dags/gtfs_realtime_dag.py                           1           0  0.20s           2025-11-11T19:08:24
================================================================================
[2025-11-11T19:09:24.457+0000] {manager.py:854} INFO - 
================================================================================
DAG File Processing Stats

File Path                               PID    Runtime      # DAGs    # Errors  Last Runtime    Last Run
--------------------------------------  -----  ---------  --------  ----------  --------------  -------------------
/opt/airflow/dags/sample_dag.py                                  1           0  0.14s           2025-11-11T19:08:55
/opt/airflow/dags/gtfs_realtime_dag.py                           1           0  0.18s           2025-11-11T19:08:55
================================================================================
[2025-11-11T19:09:54.933+0000] {manager.py:854} INFO - 
================================================================================
DAG File Processing Stats

File Path                               PID    Runtime      # DAGs    # Errors  Last Runtime    Last Run
--------------------------------------  -----  ---------  --------  ----------  --------------  -------------------
/opt/airflow/dags/sample_dag.py                                  1           0  0.16s           2025-11-11T19:09:25
/opt/airflow/dags/gtfs_realtime_dag.py                           1           0  0.20s           2025-11-11T19:09:25
================================================================================
[2025-11-11T19:10:06.928+0000] {manager.py:465} INFO - Exiting gracefully upon receiving signal 15
[2025-11-11T19:11:01.959+0000] {manager.py:483} INFO - Processing files using up to 2 processes at a time 
[2025-11-11T19:11:01.967+0000] {manager.py:484} INFO - Process each file at most once every 30 seconds
[2025-11-11T19:11:01.967+0000] {manager.py:486} INFO - Checking for new files in /opt/airflow/dags every 300 seconds
[2025-11-11T19:11:01.970+0000] {manager.py:726} INFO - Searching for files in /opt/airflow/dags
[2025-11-11T19:11:01.994+0000] {manager.py:729} INFO - There are 2 files in /opt/airflow/dags
[2025-11-11T19:11:02.091+0000] {manager.py:854} INFO - 
================================================================================
DAG File Processing Stats

File Path                                 PID  Runtime      # DAGs    # Errors  Last Runtime    Last Run
--------------------------------------  -----  ---------  --------  ----------  --------------  ----------
/opt/airflow/dags/sample_dag.py           188  0.04s             0           0
/opt/airflow/dags/gtfs_realtime_dag.py    185  0.05s             0           0
================================================================================
[2025-11-11T19:11:32.923+0000] {manager.py:854} INFO - 
================================================================================
DAG File Processing Stats

File Path                                 PID  Runtime      # DAGs    # Errors  Last Runtime    Last Run
--------------------------------------  -----  ---------  --------  ----------  --------------  -------------------
/opt/airflow/dags/sample_dag.py           202  0.01s             1           0  0.40s           2025-11-11T19:11:02
/opt/airflow/dags/gtfs_realtime_dag.py    199  0.02s             1           0  0.41s           2025-11-11T19:11:02
================================================================================
[2025-11-11T19:12:03.630+0000] {manager.py:854} INFO - 
================================================================================
DAG File Processing Stats

File Path                                 PID  Runtime      # DAGs    # Errors  Last Runtime    Last Run
--------------------------------------  -----  ---------  --------  ----------  --------------  -------------------
/opt/airflow/dags/sample_dag.py           214  0.01s             1           0  0.24s           2025-11-11T19:11:33
/opt/airflow/dags/gtfs_realtime_dag.py    212  0.05s             1           0  0.26s           2025-11-11T19:11:33
================================================================================
[2025-11-11T19:12:34.300+0000] {manager.py:854} INFO - 
================================================================================
DAG File Processing Stats

File Path                                 PID  Runtime      # DAGs    # Errors  Last Runtime    Last Run
--------------------------------------  -----  ---------  --------  ----------  --------------  -------------------
/opt/airflow/dags/sample_dag.py           225  0.07s             1           0  0.19s           2025-11-11T19:12:03
/opt/airflow/dags/gtfs_realtime_dag.py    222  0.11s             1           0  0.23s           2025-11-11T19:12:03
================================================================================
[2025-11-11T19:13:04.762+0000] {manager.py:854} INFO - 
================================================================================
DAG File Processing Stats

File Path                                 PID  Runtime      # DAGs    # Errors  Last Runtime    Last Run
--------------------------------------  -----  ---------  --------  ----------  --------------  -------------------
/opt/airflow/dags/sample_dag.py           235  0.01s             1           0  0.19s           2025-11-11T19:12:34
/opt/airflow/dags/gtfs_realtime_dag.py    232  0.05s             1           0  0.24s           2025-11-11T19:12:34
================================================================================
[2025-11-11T19:13:35.477+0000] {manager.py:854} INFO - 
================================================================================
DAG File Processing Stats

File Path                                 PID  Runtime      # DAGs    # Errors  Last Runtime    Last Run
--------------------------------------  -----  ---------  --------  ----------  --------------  -------------------
/opt/airflow/dags/sample_dag.py           243  0.01s             1           0  0.19s           2025-11-11T19:13:04
/opt/airflow/dags/gtfs_realtime_dag.py    242  0.05s             1           0  0.23s           2025-11-11T19:13:04
================================================================================
[2025-11-11T19:14:06.120+0000] {manager.py:854} INFO - 
================================================================================
DAG File Processing Stats

File Path                                 PID  Runtime      # DAGs    # Errors  Last Runtime    Last Run
--------------------------------------  -----  ---------  --------  ----------  --------------  -------------------
/opt/airflow/dags/sample_dag.py           253  0.01s             1           0  0.20s           2025-11-11T19:13:35
/opt/airflow/dags/gtfs_realtime_dag.py    252  0.05s             1           0  0.24s           2025-11-11T19:13:35
================================================================================
[2025-11-11T19:14:36.815+0000] {manager.py:854} INFO - 
================================================================================
DAG File Processing Stats

File Path                                 PID  Runtime      # DAGs    # Errors  Last Runtime    Last Run
--------------------------------------  -----  ---------  --------  ----------  --------------  -------------------
/opt/airflow/dags/sample_dag.py           265  0.01s             1           0  0.22s           2025-11-11T19:14:06
/opt/airflow/dags/gtfs_realtime_dag.py    262  0.05s             1           0  0.26s           2025-11-11T19:14:06
================================================================================
[2025-11-11T19:15:07.480+0000] {manager.py:854} INFO - 
================================================================================
DAG File Processing Stats

File Path                                 PID  Runtime      # DAGs    # Errors  Last Runtime    Last Run
--------------------------------------  -----  ---------  --------  ----------  --------------  -------------------
/opt/airflow/dags/sample_dag.py           273  0.01s             1           0  0.19s           2025-11-11T19:14:36
/opt/airflow/dags/gtfs_realtime_dag.py    272  0.04s             1           0  0.22s           2025-11-11T19:14:36
================================================================================
[2025-11-11T19:15:38.059+0000] {manager.py:854} INFO - 
================================================================================
DAG File Processing Stats

File Path                                 PID  Runtime      # DAGs    # Errors  Last Runtime    Last Run
--------------------------------------  -----  ---------  --------  ----------  --------------  -------------------
/opt/airflow/dags/sample_dag.py           284  0.01s             1           0  0.21s           2025-11-11T19:15:07
/opt/airflow/dags/gtfs_realtime_dag.py    282  0.06s             1           0  0.24s           2025-11-11T19:15:07
================================================================================
[2025-11-11T19:16:02.642+0000] {manager.py:726} INFO - Searching for files in /opt/airflow/dags
[2025-11-11T19:16:02.660+0000] {manager.py:729} INFO - There are 2 files in /opt/airflow/dags
[2025-11-11T19:16:08.828+0000] {manager.py:854} INFO - 
================================================================================
DAG File Processing Stats

File Path                                 PID  Runtime      # DAGs    # Errors  Last Runtime    Last Run
--------------------------------------  -----  ---------  --------  ----------  --------------  -------------------
/opt/airflow/dags/sample_dag.py           294  0.01s             1           0  0.22s           2025-11-11T19:15:38
/opt/airflow/dags/gtfs_realtime_dag.py    292  0.06s             1           0  0.26s           2025-11-11T19:15:38
================================================================================
[2025-11-11T19:16:15.391+0000] {manager.py:465} INFO - Exiting gracefully upon receiving signal 15
[2025-11-11T19:19:15.246+0000] {manager.py:483} INFO - Processing files using up to 2 processes at a time 
[2025-11-11T19:19:15.247+0000] {manager.py:484} INFO - Process each file at most once every 30 seconds
[2025-11-11T19:19:15.248+0000] {manager.py:486} INFO - Checking for new files in /opt/airflow/dags every 300 seconds
[2025-11-11T19:19:15.248+0000] {manager.py:726} INFO - Searching for files in /opt/airflow/dags
[2025-11-11T19:19:15.251+0000] {manager.py:729} INFO - There are 2 files in /opt/airflow/dags
[2025-11-11T19:19:15.299+0000] {manager.py:854} INFO - 
================================================================================
DAG File Processing Stats

File Path                                 PID  Runtime      # DAGs    # Errors  Last Runtime    Last Run
--------------------------------------  -----  ---------  --------  ----------  --------------  ----------
/opt/airflow/dags/sample_dag.py           188  0.02s             0           0
/opt/airflow/dags/gtfs_realtime_dag.py    185  0.03s             0           0
================================================================================
[2025-11-11T19:19:46.163+0000] {manager.py:854} INFO - 
================================================================================
DAG File Processing Stats

File Path                                 PID  Runtime      # DAGs    # Errors  Last Runtime    Last Run
--------------------------------------  -----  ---------  --------  ----------  --------------  -------------------
/opt/airflow/dags/sample_dag.py           197  0.00s             1           0  0.47s           2025-11-11T19:19:15
/opt/airflow/dags/gtfs_realtime_dag.py    196  0.07s             1           0  0.55s           2025-11-11T19:19:15
================================================================================
[2025-11-11T19:20:16.879+0000] {manager.py:854} INFO - 
================================================================================
DAG File Processing Stats

File Path                                 PID  Runtime      # DAGs    # Errors  Last Runtime    Last Run
--------------------------------------  -----  ---------  --------  ----------  --------------  -------------------
/opt/airflow/dags/sample_dag.py           209  0.01s             1           0  0.17s           2025-11-11T19:19:46
/opt/airflow/dags/gtfs_realtime_dag.py    206  0.06s             1           0  0.25s           2025-11-11T19:19:46
================================================================================
[2025-11-11T19:20:47.531+0000] {manager.py:854} INFO - 
================================================================================
DAG File Processing Stats

File Path                                 PID  Runtime      # DAGs    # Errors  Last Runtime    Last Run
--------------------------------------  -----  ---------  --------  ----------  --------------  -------------------
/opt/airflow/dags/sample_dag.py           221  0.00s             1           0  0.19s           2025-11-11T19:20:17
/opt/airflow/dags/gtfs_realtime_dag.py    220  0.03s             1           0  0.23s           2025-11-11T19:20:17
================================================================================
[2025-11-11T19:21:18.039+0000] {manager.py:854} INFO - 
================================================================================
DAG File Processing Stats

File Path                                 PID  Runtime      # DAGs    # Errors  Last Runtime    Last Run
--------------------------------------  -----  ---------  --------  ----------  --------------  -------------------
/opt/airflow/dags/sample_dag.py           232  0.02s             1           0  0.13s           2025-11-11T19:20:47
/opt/airflow/dags/gtfs_realtime_dag.py    230  0.08s             1           0  0.17s           2025-11-11T19:20:47
================================================================================
[2025-11-11T19:21:48.562+0000] {manager.py:854} INFO - 
================================================================================
DAG File Processing Stats

File Path                                 PID  Runtime      # DAGs    # Errors  Last Runtime    Last Run
--------------------------------------  -----  ---------  --------  ----------  --------------  -------------------
/opt/airflow/dags/sample_dag.py           243  0.02s             1           0  0.21s           2025-11-11T19:21:18
/opt/airflow/dags/gtfs_realtime_dag.py    240  0.06s             1           0  0.27s           2025-11-11T19:21:18
================================================================================
[2025-11-11T19:22:19.090+0000] {manager.py:854} INFO - 
================================================================================
DAG File Processing Stats

File Path                                 PID  Runtime      # DAGs    # Errors  Last Runtime    Last Run
--------------------------------------  -----  ---------  --------  ----------  --------------  -------------------
/opt/airflow/dags/sample_dag.py           251  0.01s             1           0  0.20s           2025-11-11T19:21:48
/opt/airflow/dags/gtfs_realtime_dag.py    250  0.07s             1           0  0.24s           2025-11-11T19:21:48
================================================================================
[2025-11-11T19:22:49.816+0000] {manager.py:854} INFO - 
================================================================================
DAG File Processing Stats

File Path                                 PID  Runtime      # DAGs    # Errors  Last Runtime    Last Run
--------------------------------------  -----  ---------  --------  ----------  --------------  -------------------
/opt/airflow/dags/sample_dag.py           263  0.02s             1           0  0.23s           2025-11-11T19:22:19
/opt/airflow/dags/gtfs_realtime_dag.py    260  0.05s             1           0  0.28s           2025-11-11T19:22:19
================================================================================
[2025-11-11T19:23:20.542+0000] {manager.py:854} INFO - 
================================================================================
DAG File Processing Stats

File Path                                 PID  Runtime      # DAGs    # Errors  Last Runtime    Last Run
--------------------------------------  -----  ---------  --------  ----------  --------------  -------------------
/opt/airflow/dags/sample_dag.py           273  0.03s             1           0  0.18s           2025-11-11T19:22:49
/opt/airflow/dags/gtfs_realtime_dag.py    270  0.10s             1           0  0.21s           2025-11-11T19:22:49
================================================================================
[2025-11-11T19:23:50.951+0000] {manager.py:854} INFO - 
================================================================================
DAG File Processing Stats

File Path                               PID    Runtime      # DAGs    # Errors  Last Runtime    Last Run
--------------------------------------  -----  ---------  --------  ----------  --------------  -------------------
/opt/airflow/dags/sample_dag.py                                  1           0  0.47s           2025-11-11T19:23:20
/opt/airflow/dags/gtfs_realtime_dag.py                           1           0  0.54s           2025-11-11T19:23:20
================================================================================
[2025-11-11T19:24:15.697+0000] {manager.py:726} INFO - Searching for files in /opt/airflow/dags
[2025-11-11T19:24:15.718+0000] {manager.py:729} INFO - There are 2 files in /opt/airflow/dags
[2025-11-11T19:24:21.923+0000] {manager.py:854} INFO - 
================================================================================
DAG File Processing Stats

File Path                                 PID  Runtime      # DAGs    # Errors  Last Runtime    Last Run
--------------------------------------  -----  ---------  --------  ----------  --------------  -------------------
/opt/airflow/dags/sample_dag.py           293  0.01s             1           0  0.20s           2025-11-11T19:23:51
/opt/airflow/dags/gtfs_realtime_dag.py    290  0.07s             1           0  0.25s           2025-11-11T19:23:51
================================================================================
[2025-11-11T19:24:52.341+0000] {manager.py:854} INFO - 
================================================================================
DAG File Processing Stats

File Path                                 PID  Runtime      # DAGs    # Errors  Last Runtime    Last Run
--------------------------------------  -----  ---------  --------  ----------  --------------  -------------------
/opt/airflow/dags/sample_dag.py           303  0.01s             1           0  0.21s           2025-11-11T19:24:22
/opt/airflow/dags/gtfs_realtime_dag.py    300  0.05s             1           0  0.27s           2025-11-11T19:24:22
================================================================================
[2025-11-11T19:25:22.988+0000] {manager.py:854} INFO - 
================================================================================
DAG File Processing Stats

File Path                                 PID  Runtime      # DAGs    # Errors  Last Runtime    Last Run
--------------------------------------  -----  ---------  --------  ----------  --------------  -------------------
/opt/airflow/dags/sample_dag.py           313  0.01s             1           0  0.21s           2025-11-11T19:24:52
/opt/airflow/dags/gtfs_realtime_dag.py    310  0.09s             1           0  0.25s           2025-11-11T19:24:52
================================================================================
[2025-11-11T19:25:39.793+0000] {manager.py:465} INFO - Exiting gracefully upon receiving signal 15
