[2025-11-11T19:11:33.160+0000] {taskinstance.py:1083} INFO - Dependencies all met for <TaskInstance: gtfs_realtime_dag.extract_data manual__2025-11-11T19:11:14+00:00 [queued]>
[2025-11-11T19:11:33.168+0000] {taskinstance.py:1083} INFO - Dependencies all met for <TaskInstance: gtfs_realtime_dag.extract_data manual__2025-11-11T19:11:14+00:00 [queued]>
[2025-11-11T19:11:33.168+0000] {taskinstance.py:1279} INFO - 
--------------------------------------------------------------------------------
[2025-11-11T19:11:33.168+0000] {taskinstance.py:1280} INFO - Starting attempt 1 of 2
[2025-11-11T19:11:33.168+0000] {taskinstance.py:1281} INFO - 
--------------------------------------------------------------------------------
[2025-11-11T19:11:33.180+0000] {taskinstance.py:1300} INFO - Executing <Task(PythonOperator): extract_data> on 2025-11-11 19:11:14+00:00
[2025-11-11T19:11:33.183+0000] {standard_task_runner.py:55} INFO - Started process 209 to run task
[2025-11-11T19:11:33.185+0000] {standard_task_runner.py:82} INFO - Running: ['***', 'tasks', 'run', 'gtfs_realtime_dag', 'extract_data', 'manual__2025-11-11T19:11:14+00:00', '--job-id', '4', '--raw', '--subdir', 'DAGS_FOLDER/gtfs_realtime_dag.py', '--cfg-path', '/tmp/tmp0inhymxh']
[2025-11-11T19:11:33.187+0000] {standard_task_runner.py:83} INFO - Job 4: Subtask extract_data
[2025-11-11T19:11:33.207+0000] {logging_mixin.py:137} WARNING - /home/***/.local/lib/python3.7/site-packages/***/settings.py:249 DeprecationWarning: The sql_alchemy_conn option in [core] has been moved to the sql_alchemy_conn option in [database] - the old setting has been used, but please update your config.
[2025-11-11T19:11:33.257+0000] {task_command.py:388} INFO - Running <TaskInstance: gtfs_realtime_dag.extract_data manual__2025-11-11T19:11:14+00:00 [running]> on host 2fc9ab499ce5
[2025-11-11T19:11:33.322+0000] {taskinstance.py:1509} INFO - Exporting the following env vars:
AIRFLOW_CTX_DAG_EMAIL=juanillo@hello.com
AIRFLOW_CTX_DAG_OWNER=Juan Esteban
AIRFLOW_CTX_DAG_ID=gtfs_realtime_dag
AIRFLOW_CTX_TASK_ID=extract_data
AIRFLOW_CTX_EXECUTION_DATE=2025-11-11T19:11:14+00:00
AIRFLOW_CTX_TRY_NUMBER=1
AIRFLOW_CTX_DAG_RUN_ID=manual__2025-11-11T19:11:14+00:00
[2025-11-11T19:11:33.323+0000] {logging_mixin.py:137} INFO - extracting feed: vehicle_position
[2025-11-11T19:11:33.788+0000] {logging_mixin.py:137} INFO - ✅ Saved 615 records to /opt/***/data/raw/vehicle_position_20251111_191133.json
[2025-11-11T19:11:33.789+0000] {logging_mixin.py:137} INFO - extracting feed: trip_updates
[2025-11-11T19:11:34.874+0000] {logging_mixin.py:137} INFO - ✅ Saved 870 records to /opt/***/data/raw/trip_updates_20251111_191134.json
[2025-11-11T19:11:34.885+0000] {python.py:177} INFO - Done. Returned value was: None
[2025-11-11T19:11:34.905+0000] {taskinstance.py:1323} INFO - Marking task as SUCCESS. dag_id=gtfs_realtime_dag, task_id=extract_data, execution_date=20251111T191114, start_date=20251111T191133, end_date=20251111T191134
[2025-11-11T19:11:34.931+0000] {local_task_job.py:208} INFO - Task exited with return code 0
[2025-11-11T19:11:34.951+0000] {taskinstance.py:2578} INFO - 0 downstream tasks scheduled from follow-on schedule check
